VestingCheck 0xB22C490cCb3cc628eF8ed8905BDc31CfeFe03664

exaip28-hypernative  try 1  optimism 0xb923abdca17aed90eb5ec5e407bd37164f632bfd 7460
GenLayer RPC error (sim_estimateTransactionFees): execution failed
  … write fee simulation failed for file_check (Missing or invalid parameters.
Double check you have provided the correct parameters.

Details: exec)
  ACCEPTED ok=false REFUSED: SUBJECT_NOT_IN_SOURCE  31.208s  0xd08d05fdf6471c5b1b25b2743b68384f35a27fd3cc37e02d1c621e17899f4fb9
  waiting 60s

exaip28-hypernative  try 2  optimism 0xb923abdca17aed90eb5ec5e407bd37164f632bfd 7460
GenLayer RPC error (sim_estimateTransactionFees): execution failed
  … write fee simulation failed for file_check (Missing or invalid parameters.
Double check you have provided the correct parameters.

Details: exec)
  ACCEPTED ok=false REFUSED: SUBJECT_NOT_IN_SOURCE  13.653s  0x7c53a5a9e0fddfddf589a6fb4618e99fc39b3eb163e83956e1538349561a7b86
  waiting 60s

exaip23-hypernative  try 1  optimism 0xb923abdca17aed90eb5ec5e407bd37164f632bfd 7157
GenLayer RPC error (sim_estimateTransactionFees): execution failed
  … write fee simulation failed for file_check (Missing or invalid parameters.
Double check you have provided the correct parameters.

Details: exec)
  ACCEPTED ok=false REFUSED: SUBJECT_NOT_IN_SOURCE  22.995s  0xdf132533ce6296646d0da98b9667abd73ba34f783c45e80e5d3aaadd305826c5
  waiting 60s

exaip23-hypernative  try 2  optimism 0xb923abdca17aed90eb5ec5e407bd37164f632bfd 7157
GenLayer RPC error (sim_estimateTransactionFees): execution failed
  … write fee simulation failed for file_check (Missing or invalid parameters.
Double check you have provided the correct parameters.

Details: exec)
  ACCEPTED ok=false REFUSED: SUBJECT_NOT_IN_SOURCE  42.933s  0x6fb4495b9ca3a5bd1784b404a33e4ca54fa034e9cfb63f1966ce4610b5757ccf
  waiting 60s

exaip21-uphold  try 1  optimism 0xb923abdca17aed90eb5ec5e407bd37164f632bfd 6516
GenLayer RPC error (sim_estimateTransactionFees): execution failed
  … write fee simulation failed for file_check (Missing or invalid parameters.
Double check you have provided the correct parameters.

Details: exec)
  ACCEPTED ok=false REFUSED: SUBJECT_NOT_IN_SOURCE  21.964s  0x18ae3b11ed37ab4579ec185b596a260e5ba0ef7caf8ede1719a07328069c49ec
  waiting 60s

exaip21-uphold  try 2  optimism 0xb923abdca17aed90eb5ec5e407bd37164f632bfd 6516
GenLayer RPC error (sim_estimateTransactionFees): execution failed
  … write fee simulation failed for file_check (Missing or invalid parameters.
Double check you have provided the correct parameters.

Details: exec)
  ACCEPTED ok=false REFUSED: SUBJECT_NOT_IN_SOURCE  66.525s  0xc547c147d171d7ba5c205daacf6630d9c13e58451487a7fb98c12abf1a140e2f
  waiting 60s

nation3-ant-vestingwallet  try 1  ethereum 0x5cb5ba62dc8ced477f20d4692986f1cd42174761 0xa117000000f279d81a1d3cc75430faa017fa5a2e
GenLayer RPC error (sim_estimateTransactionFees): execution failed
  … write fee simulation failed for file_check (Missing or invalid parameters.
Double check you have provided the correct parameters.

Details: exec)
  ACCEPTED ok=true BENEFICIARY_DIFFERS  39.453s  0x3ec1b42c864c56484bcf95459ea8d03bc56db95f46184aa87a5d60dbdc2eb000

connext-cgp11-wonderland  try 1  ethereum 0xab47c5bb2dbdcab2d8b41f083f692e608439e03f 0xfe67a4450907459c3e1fff623aa927dd4e28c67a
GenLayer RPC error (sim_estimateTransactionFees): execution failed
  … write fee simulation failed for file_check (Missing or invalid parameters.
Double check you have provided the correct parameters.

Details: exec)
  ACCEPTED ok=false REFUSED: EXTRACTION_UNSTABLE  52.506s  0x2619ac86f852f0c3a5df3613a7343a7cf31812420e587f24163c11b7f6afade0
  waiting 60s

connext-cgp11-wonderland  try 2  ethereum 0xab47c5bb2dbdcab2d8b41f083f692e608439e03f 0xfe67a4450907459c3e1fff623aa927dd4e28c67a
GenLayer RPC error (sim_estimateTransactionFees): execution failed
  … write fee simulation failed for file_check (Missing or invalid parameters.
Double check you have provided the correct parameters.

Details: exec)
  ACCEPTED ok=true UNVERIFIABLE  65.275s  0x7a2a819e258db4c987d462f82d70c09b485d686597a06a14951914e60730e20a

gitcoin-akita-legacy  try 1  ethereum 0xcd18eaa163733da39c232722cbc4e8940b1d8888 0x3301ee63fb29f863f2333bd4466acb46cd8323e6
GenLayer RPC error (sim_estimateTransactionFees): execution failed
  … write fee simulation failed for file_check (Missing or invalid parameters.
Double check you have provided the correct parameters.

Details: exec)
  ACCEPTED ok=true UNVERIFIABLE  37.961s  0x8654ad671248bcadf8e2ca159fc69bfe3fbc264e1f4762976d23e59f42db243c

ditto-founder  try 1  ethereum 0x7cc7e125d83a581ff438608490cc0f7bdff79127 10
GenLayer RPC error (sim_estimateTransactionFees): execution failed
  … write fee simulation failed for file_check (Missing or invalid parameters.
Double check you have provided the correct parameters.

Details: exec)
  ACCEPTED ok=true UNVERIFIABLE  27.759s  0x7a91e65c18c878a0c967152464403314c8c9d66ae077b05b71c5bb27d85c480d
  GitHub spacing: waiting 287s

fu-future-productions  try 1  ethereum 0xf86b359035208e4529686a1825f2d5bee38c28a8 189
GenLayer RPC error (sim_estimateTransactionFees): execution failed
  … write fee simulation failed for file_check (Missing or invalid parameters.
Double check you have provided the correct parameters.

Details: exec)
  ACCEPTED ok=true UNVERIFIABLE  29.759s  0x8e6978a890f6543c9c46b30baf12ff4334f10de4677a863b7a7ae618433a7399
  GitHub spacing: waiting 285s

fu-team-arbitrum  try 1  arbitrum 0xfdd9d122b451f549f48c4942c6fa6646d849e8c1 17890
GenLayer RPC error (sim_estimateTransactionFees): execution failed
  … write fee simulation failed for file_check (Missing or invalid parameters.
Double check you have provided the correct parameters.

Details: exec)
  ACCEPTED ok=true UNVERIFIABLE  26.662s  0x2fcdc47ddab8ffa63f8f40819d3a4999c48a336e744c76cc821b0212b7254ef0
  GitHub spacing: waiting 288s

clx-founders-team  try 1  ethereum 0x93b37bd5b6b278373217333ac30d7e74c85fbdcb 1784
GenLayer RPC error (sim_estimateTransactionFees): execution failed
  … write fee simulation failed for file_check (Missing or invalid parameters.
Double check you have provided the correct parameters.

Details: exec)
  ACCEPTED ok=true UNVERIFIABLE  30.581s  0x5e5cce3e56299e5b5f9fecb1086e8a60068c3915f1da2ee5846d3b8ccae69f83

stats {"BENEFICIARY_DIFFERS":1,"CANCELABLE_NOT_DISCLOSED":0,"LESS_THAN_CLAIMED":0,"MATCHES":0,"MORE_THAN_CLAIMED":0,"UNLOCKS_EARLIER":0,"UNLOCKS_LATER":0,"UNVERIFIABLE":6,"keys":7,"records":7}
