VestingCheck 0xDe1db41f54Eb4994360bBCd566B8F88a25559593

exaip23-hypernative  try 1  optimism 0xb923abdca17aed90eb5ec5e407bd37164f632bfd 7157
GenLayer RPC error (sim_estimateTransactionFees): execution failed
  … write fee simulation failed for file_check (Missing or invalid parameters.
Double check you have provided the correct parameters.

Details: exec)
  ACCEPTED ok=false REFUSED: SUBJECT_NOT_IN_SOURCE  16.219s  0x0c393330795a5275dd327ba9f1dc91b3bea210315327c88392bb279aa9ab98a3
  waiting 60s

nation3-ant-vestingwallet  try 1  ethereum 0x5cb5ba62dc8ced477f20d4692986f1cd42174761 0xa117000000f279d81a1d3cc75430faa017fa5a2e
GenLayer RPC error (sim_estimateTransactionFees): execution failed
  … write fee simulation failed for file_check (Missing or invalid parameters.
Double check you have provided the correct parameters.

Details: exec)
  ACCEPTED ok=true UNVERIFIABLE  30.029s  0x6e38aab55d3f4b20a115c3faf9c7d9414ee08ed0bb9bf515acb80bca7874b67f

connext-cgp11-wonderland  try 1  ethereum 0xab47c5bb2dbdcab2d8b41f083f692e608439e03f 0xfe67a4450907459c3e1fff623aa927dd4e28c67a
GenLayer RPC error (sim_estimateTransactionFees): execution failed
  … write fee simulation failed for file_check (Missing or invalid parameters.
Double check you have provided the correct parameters.

Details: exec)
  ACCEPTED ok=true UNVERIFIABLE  69.293s  0xd52a0fde1cd28e2d39ccb7ca82d9f33ca995ddd4dfa7cd6799aa089bb1fefad5

gitcoin-akita-legacy  try 1  ethereum 0xcd18eaa163733da39c232722cbc4e8940b1d8888 0x3301ee63fb29f863f2333bd4466acb46cd8323e6
GenLayer RPC error (sim_estimateTransactionFees): execution failed
  … write fee simulation failed for file_check (Missing or invalid parameters.
Double check you have provided the correct parameters.

Details: exec)
  ACCEPTED ok=true UNVERIFIABLE  96.343s  0xefe7e526bc1b37ab3a2242147f63fc4e122e7c55c00ccc5540e557a512187ea4

clx-founders-team  try 1  ethereum 0x93b37bd5b6b278373217333ac30d7e74c85fbdcb 1784
GenLayer RPC error (sim_estimateTransactionFees): execution failed
  … write fee simulation failed for file_check (Missing or invalid parameters.
Double check you have provided the correct parameters.

Details: exec)
  ACCEPTED ok=false REFUSED: EXTRACTION_UNSTABLE  82.885s  0x4964e49bdab0c1f8fcf17af9f602b56d8e68393c9c9b2e1c5dd36e4138a3fa34
  waiting 60s
  GitHub spacing: waiting 187s
